// Jest Snapshot v1, https://goo.gl/fbAQLP

exports[`click next button for pagination 1`] = `
<div>
  <h3>
    Service Answers
  </h3>
  <table
    className="table"
  >
    <tbody>
      <tr
        className="answer-row"
      >
        <td>
          <body
            className="hyperlink"
            onClick={[Function]}
          >
            <label>
              Hello
            </label>
          </body>
        </td>
      </tr>
      <tr
        className="answer-row"
      >
        <td>
          <body
            className="hyperlink"
            onClick={[Function]}
          >
            <label>
              World
            </label>
          </body>
        </td>
      </tr>
      <tr
        className="answer-row"
      >
        <td>
          <body
            className="hyperlink"
            onClick={[Function]}
          >
            <label />
          </body>
        </td>
      </tr>
      <tr
        className="answer-row"
      >
        <td>
          <body
            className="hyperlink"
            onClick={[Function]}
          >
            <label>
              Meanie Mario
            </label>
          </body>
        </td>
      </tr>
      <tr
        className="answer-row"
      >
        <td>
          <body
            className="hyperlink"
            onClick={[Function]}
          >
            <label>
              1
            </label>
          </body>
        </td>
      </tr>
      <tr
        className="answer-row"
      >
        <td>
          <body
            className="hyperlink"
            onClick={[Function]}
          >
            <label>
              19
            </label>
          </body>
        </td>
      </tr>
      <tr
        className="answer-row"
      >
        <td>
          <body
            className="hyperlink"
            onClick={[Function]}
          >
            <label>
              hello
            </label>
          </body>
        </td>
      </tr>
      <tr
        className="answer-row"
      >
        <td>
          <body
            className="hyperlink"
            onClick={[Function]}
          >
            <label>
              0
            </label>
          </body>
        </td>
      </tr>
      <tr
        className="answer-row"
      >
        <td>
          <body
            className="hyperlink"
            onClick={[Function]}
          >
            <label />
          </body>
        </td>
      </tr>
      <tr
        className="answer-row"
      >
        <td>
          <body
            className="hyperlink"
            onClick={[Function]}
          >
            <label />
          </body>
        </td>
      </tr>
      <tr>
        <td>
          <select
            onChange={[Function]}
            value={10}
          >
            <option
              value={1}
            >
              1
            </option>
            <option
              value={2}
            >
              2
            </option>
            <option
              value={5}
            >
              5
            </option>
            <option
              value={10}
            >
              10
            </option>
            <option
              value={25}
            >
              25
            </option>
            <option
              value={50}
            >
              50
            </option>
          </select>
          
          
          <button
            className="btn btn-primary"
            disabled={true}
            style={
              Object {
                "margin": "2px",
              }
            }
            type="button"
          >
            1
          </button>
          <button
            className="btn btn-primary next-page-btn"
            onClick={[Function]}
            style={
              Object {
                "margin": "2px",
              }
            }
            type="button"
          >
            2
          </button>
          <button
            className="btn btn-secondary next-btn"
            onClick={[Function]}
            style={
              Object {
                "margin": "2px",
              }
            }
            type="button"
          >
            &gt;
          </button>
        </td>
      </tr>
    </tbody>
  </table>
</div>
`;

exports[`click next button for pagination 2`] = `[Function]`;

exports[`render all answers from services 1`] = `
<div>
  <h3>
    Service Answers
  </h3>
  <table
    className="table"
  >
    <tbody>
      <tr
        className="answer-row"
      >
        <td>
          <body
            className="hyperlink"
            onClick={[Function]}
          >
            <label>
              Hello
            </label>
          </body>
        </td>
      </tr>
      <tr
        className="answer-row"
      >
        <td>
          <body
            className="hyperlink"
            onClick={[Function]}
          >
            <label>
              World
            </label>
          </body>
        </td>
      </tr>
      <tr
        className="answer-row"
      >
        <td>
          <body
            className="hyperlink"
            onClick={[Function]}
          >
            <label />
          </body>
        </td>
      </tr>
      <tr
        className="answer-row"
      >
        <td>
          <body
            className="hyperlink"
            onClick={[Function]}
          >
            <label>
              Meanie Mario
            </label>
          </body>
        </td>
      </tr>
      <tr
        className="answer-row"
      >
        <td>
          <body
            className="hyperlink"
            onClick={[Function]}
          >
            <label>
              1
            </label>
          </body>
        </td>
      </tr>
      <tr
        className="answer-row"
      >
        <td>
          <body
            className="hyperlink"
            onClick={[Function]}
          >
            <label>
              19
            </label>
          </body>
        </td>
      </tr>
      <tr
        className="answer-row"
      >
        <td>
          <body
            className="hyperlink"
            onClick={[Function]}
          >
            <label>
              hello
            </label>
          </body>
        </td>
      </tr>
      <tr
        className="answer-row"
      >
        <td>
          <body
            className="hyperlink"
            onClick={[Function]}
          >
            <label>
              0
            </label>
          </body>
        </td>
      </tr>
      <tr
        className="answer-row"
      >
        <td>
          <body
            className="hyperlink"
            onClick={[Function]}
          >
            <label />
          </body>
        </td>
      </tr>
      <tr
        className="answer-row"
      >
        <td>
          <body
            className="hyperlink"
            onClick={[Function]}
          >
            <label />
          </body>
        </td>
      </tr>
      <tr>
        <td>
          <select
            onChange={[Function]}
            value={10}
          >
            <option
              value={1}
            >
              1
            </option>
            <option
              value={2}
            >
              2
            </option>
            <option
              value={5}
            >
              5
            </option>
            <option
              value={10}
            >
              10
            </option>
            <option
              value={25}
            >
              25
            </option>
            <option
              value={50}
            >
              50
            </option>
          </select>
          
          
          <button
            className="btn btn-primary"
            disabled={true}
            style={
              Object {
                "margin": "2px",
              }
            }
            type="button"
          >
            1
          </button>
          <button
            className="btn btn-primary next-page-btn"
            onClick={[Function]}
            style={
              Object {
                "margin": "2px",
              }
            }
            type="button"
          >
            2
          </button>
          <button
            className="btn btn-secondary next-btn"
            onClick={[Function]}
            style={
              Object {
                "margin": "2px",
              }
            }
            type="button"
          >
            &gt;
          </button>
        </td>
      </tr>
    </tbody>
  </table>
</div>
`;
